Classic Timing Analyzer report for Register_16Bit_BeachWilliam
Mon Dec 05 12:01:54 2022
Quartus II Version 9.1 Build 350 03/24/2010 Service Pack 2 SJ Web Edition


---------------------
; Table of Contents ;
---------------------
  1. Legal Notice
  2. Timing Analyzer Summary
  3. Timing Analyzer Settings
  4. Clock Settings Summary
  5. tsu
  6. tco
  7. th
  8. Timing Analyzer Messages



----------------
; Legal Notice ;
----------------
Copyright (C) 1991-2010 Altera Corporation
Your use of Altera Corporation's design tools, logic functions 
and other software and tools, and its AMPP partner logic 
functions, and any output files from any of the foregoing 
(including device programming or simulation files), and any 
associated documentation or information are expressly subject 
to the terms and conditions of the Altera Program License 
Subscription Agreement, Altera MegaCore Function License 
Agreement, or other applicable license agreement, including, 
without limitation, that your use is for the sole purpose of 
programming logic devices manufactured by Altera and sold by 
Altera or its authorized distributors.  Please refer to the 
applicable agreement for further details.



+------------------------------------------------------------------------------------------------------------------------------------+
; Timing Analyzer Summary                                                                                                            ;
+------------------------------+-------+---------------+-------------+-----------+------------+------------+----------+--------------+
; Type                         ; Slack ; Required Time ; Actual Time ; From      ; To         ; From Clock ; To Clock ; Failed Paths ;
+------------------------------+-------+---------------+-------------+-----------+------------+------------+----------+--------------+
; Worst-case tsu               ; N/A   ; None          ; 6.600 ns    ; D[0]      ; Q[0]~reg0  ; --         ; CLOCK    ; 0            ;
; Worst-case tco               ; N/A   ; None          ; 6.600 ns    ; Q[0]~reg0 ; Q[0]       ; CLOCK      ; --       ; 0            ;
; Worst-case th                ; N/A   ; None          ; -0.700 ns   ; LOAD      ; Q[15]~reg0 ; --         ; CLOCK    ; 0            ;
; Total number of failed paths ;       ;               ;             ;           ;            ;            ;          ; 0            ;
+------------------------------+-------+---------------+-------------+-----------+------------+------------+----------+--------------+


+-----------------------------------------------------------------------------------------------------------------------------------------------------+
; Timing Analyzer Settings                                                                                                                            ;
+------------------------------------------------------------------------------------------------------+--------------------+------+----+-------------+
; Option                                                                                               ; Setting            ; From ; To ; Entity Name ;
+------------------------------------------------------------------------------------------------------+--------------------+------+----+-------------+
; Device Name                                                                                          ; EPM3128ATI100-10   ;      ;    ;             ;
; Timing Models                                                                                        ; Final              ;      ;    ;             ;
; Default hold multicycle                                                                              ; Same as Multicycle ;      ;    ;             ;
; Cut paths between unrelated clock domains                                                            ; On                 ;      ;    ;             ;
; Cut off read during write signal paths                                                               ; On                 ;      ;    ;             ;
; Cut off feedback from I/O pins                                                                       ; On                 ;      ;    ;             ;
; Report Combined Fast/Slow Timing                                                                     ; Off                ;      ;    ;             ;
; Ignore Clock Settings                                                                                ; Off                ;      ;    ;             ;
; Analyze latches as synchronous elements                                                              ; On                 ;      ;    ;             ;
; Enable Recovery/Removal analysis                                                                     ; Off                ;      ;    ;             ;
; Enable Clock Latency                                                                                 ; Off                ;      ;    ;             ;
; Use TimeQuest Timing Analyzer                                                                        ; Off                ;      ;    ;             ;
; Minimum Core Junction Temperature                                                                    ; 0                  ;      ;    ;             ;
; Maximum Core Junction Temperature                                                                    ; 105                ;      ;    ;             ;
; Number of source nodes to report per destination node                                                ; 10                 ;      ;    ;             ;
; Number of destination nodes to report                                                                ; 10                 ;      ;    ;             ;
; Number of paths to report                                                                            ; 200                ;      ;    ;             ;
; Report Minimum Timing Checks                                                                         ; Off                ;      ;    ;             ;
; Use Fast Timing Models                                                                               ; Off                ;      ;    ;             ;
; Report IO Paths Separately                                                                           ; Off                ;      ;    ;             ;
; Perform Multicorner Analysis                                                                         ; Off                ;      ;    ;             ;
; Reports the worst-case path for each clock domain and analysis                                       ; Off                ;      ;    ;             ;
; Reports worst-case timing paths for each clock domain and analysis                                   ; On                 ;      ;    ;             ;
; Specifies the maximum number of worst-case timing paths to report for each clock domain and analysis ; 100                ;      ;    ;             ;
; Removes common clock path pessimism (CCPP) during slack computation                                  ; Off                ;      ;    ;             ;
; Output I/O Timing Endpoint                                                                           ; Near End           ;      ;    ;             ;
+------------------------------------------------------------------------------------------------------+--------------------+------+----+-------------+


+------------------------------------------------------------------------------------------------------------------------------------------------------------------------------------+
; Clock Settings Summary                                                                                                                                                             ;
+-----------------+--------------------+----------+------------------+---------------+--------------+----------+-----------------------+---------------------+--------+--------------+
; Clock Node Name ; Clock Setting Name ; Type     ; Fmax Requirement ; Early Latency ; Late Latency ; Based on ; Multiply Base Fmax by ; Divide Base Fmax by ; Offset ; Phase offset ;
+-----------------+--------------------+----------+------------------+---------------+--------------+----------+-----------------------+---------------------+--------+--------------+
; CLOCK           ;                    ; User Pin ; None             ; 0.000 ns      ; 0.000 ns     ; --       ; N/A                   ; N/A                 ; N/A    ;              ;
+-----------------+--------------------+----------+------------------+---------------+--------------+----------+-----------------------+---------------------+--------+--------------+


+-------------------------------------------------------------------+
; tsu                                                               ;
+-------+--------------+------------+-------+------------+----------+
; Slack ; Required tsu ; Actual tsu ; From  ; To         ; To Clock ;
+-------+--------------+------------+-------+------------+----------+
; N/A   ; None         ; 6.600 ns   ; D[15] ; Q[15]~reg0 ; CLOCK    ;
; N/A   ; None         ; 6.600 ns   ; D[14] ; Q[14]~reg0 ; CLOCK    ;
; N/A   ; None         ; 6.600 ns   ; D[13] ; Q[13]~reg0 ; CLOCK    ;
; N/A   ; None         ; 6.600 ns   ; D[12] ; Q[12]~reg0 ; CLOCK    ;
; N/A   ; None         ; 6.600 ns   ; D[11] ; Q[11]~reg0 ; CLOCK    ;
; N/A   ; None         ; 6.600 ns   ; D[10] ; Q[10]~reg0 ; CLOCK    ;
; N/A   ; None         ; 6.600 ns   ; D[9]  ; Q[9]~reg0  ; CLOCK    ;
; N/A   ; None         ; 6.600 ns   ; D[8]  ; Q[8]~reg0  ; CLOCK    ;
; N/A   ; None         ; 6.600 ns   ; D[7]  ; Q[7]~reg0  ; CLOCK    ;
; N/A   ; None         ; 6.600 ns   ; D[6]  ; Q[6]~reg0  ; CLOCK    ;
; N/A   ; None         ; 6.600 ns   ; D[5]  ; Q[5]~reg0  ; CLOCK    ;
; N/A   ; None         ; 6.600 ns   ; D[4]  ; Q[4]~reg0  ; CLOCK    ;
; N/A   ; None         ; 6.600 ns   ; D[3]  ; Q[3]~reg0  ; CLOCK    ;
; N/A   ; None         ; 6.600 ns   ; D[2]  ; Q[2]~reg0  ; CLOCK    ;
; N/A   ; None         ; 6.600 ns   ; D[1]  ; Q[1]~reg0  ; CLOCK    ;
; N/A   ; None         ; 6.600 ns   ; D[0]  ; Q[0]~reg0  ; CLOCK    ;
; N/A   ; None         ; 4.900 ns   ; LOAD  ; Q[0]~reg0  ; CLOCK    ;
; N/A   ; None         ; 4.900 ns   ; LOAD  ; Q[1]~reg0  ; CLOCK    ;
; N/A   ; None         ; 4.900 ns   ; LOAD  ; Q[2]~reg0  ; CLOCK    ;
; N/A   ; None         ; 4.900 ns   ; LOAD  ; Q[3]~reg0  ; CLOCK    ;
; N/A   ; None         ; 4.900 ns   ; LOAD  ; Q[4]~reg0  ; CLOCK    ;
; N/A   ; None         ; 4.900 ns   ; LOAD  ; Q[5]~reg0  ; CLOCK    ;
; N/A   ; None         ; 4.900 ns   ; LOAD  ; Q[6]~reg0  ; CLOCK    ;
; N/A   ; None         ; 4.900 ns   ; LOAD  ; Q[7]~reg0  ; CLOCK    ;
; N/A   ; None         ; 4.900 ns   ; LOAD  ; Q[8]~reg0  ; CLOCK    ;
; N/A   ; None         ; 4.900 ns   ; LOAD  ; Q[9]~reg0  ; CLOCK    ;
; N/A   ; None         ; 4.900 ns   ; LOAD  ; Q[10]~reg0 ; CLOCK    ;
; N/A   ; None         ; 4.900 ns   ; LOAD  ; Q[11]~reg0 ; CLOCK    ;
; N/A   ; None         ; 4.900 ns   ; LOAD  ; Q[12]~reg0 ; CLOCK    ;
; N/A   ; None         ; 4.900 ns   ; LOAD  ; Q[13]~reg0 ; CLOCK    ;
; N/A   ; None         ; 4.900 ns   ; LOAD  ; Q[14]~reg0 ; CLOCK    ;
; N/A   ; None         ; 4.900 ns   ; LOAD  ; Q[15]~reg0 ; CLOCK    ;
+-------+--------------+------------+-------+------------+----------+


+---------------------------------------------------------------------+
; tco                                                                 ;
+-------+--------------+------------+------------+-------+------------+
; Slack ; Required tco ; Actual tco ; From       ; To    ; From Clock ;
+-------+--------------+------------+------------+-------+------------+
; N/A   ; None         ; 6.600 ns   ; Q[15]~reg0 ; Q[15] ; CLOCK      ;
; N/A   ; None         ; 6.600 ns   ; Q[14]~reg0 ; Q[14] ; CLOCK      ;
; N/A   ; None         ; 6.600 ns   ; Q[13]~reg0 ; Q[13] ; CLOCK      ;
; N/A   ; None         ; 6.600 ns   ; Q[12]~reg0 ; Q[12] ; CLOCK      ;
; N/A   ; None         ; 6.600 ns   ; Q[11]~reg0 ; Q[11] ; CLOCK      ;
; N/A   ; None         ; 6.600 ns   ; Q[10]~reg0 ; Q[10] ; CLOCK      ;
; N/A   ; None         ; 6.600 ns   ; Q[9]~reg0  ; Q[9]  ; CLOCK      ;
; N/A   ; None         ; 6.600 ns   ; Q[8]~reg0  ; Q[8]  ; CLOCK      ;
; N/A   ; None         ; 6.600 ns   ; Q[7]~reg0  ; Q[7]  ; CLOCK      ;
; N/A   ; None         ; 6.600 ns   ; Q[6]~reg0  ; Q[6]  ; CLOCK      ;
; N/A   ; None         ; 6.600 ns   ; Q[5]~reg0  ; Q[5]  ; CLOCK      ;
; N/A   ; None         ; 6.600 ns   ; Q[4]~reg0  ; Q[4]  ; CLOCK      ;
; N/A   ; None         ; 6.600 ns   ; Q[3]~reg0  ; Q[3]  ; CLOCK      ;
; N/A   ; None         ; 6.600 ns   ; Q[2]~reg0  ; Q[2]  ; CLOCK      ;
; N/A   ; None         ; 6.600 ns   ; Q[1]~reg0  ; Q[1]  ; CLOCK      ;
; N/A   ; None         ; 6.600 ns   ; Q[0]~reg0  ; Q[0]  ; CLOCK      ;
+-------+--------------+------------+------------+-------+------------+


+-------------------------------------------------------------------------+
; th                                                                      ;
+---------------+-------------+-----------+-------+------------+----------+
; Minimum Slack ; Required th ; Actual th ; From  ; To         ; To Clock ;
+---------------+-------------+-----------+-------+------------+----------+
; N/A           ; None        ; -0.700 ns ; LOAD  ; Q[0]~reg0  ; CLOCK    ;
; N/A           ; None        ; -0.700 ns ; LOAD  ; Q[1]~reg0  ; CLOCK    ;
; N/A           ; None        ; -0.700 ns ; LOAD  ; Q[2]~reg0  ; CLOCK    ;
; N/A           ; None        ; -0.700 ns ; LOAD  ; Q[3]~reg0  ; CLOCK    ;
; N/A           ; None        ; -0.700 ns ; LOAD  ; Q[4]~reg0  ; CLOCK    ;
; N/A           ; None        ; -0.700 ns ; LOAD  ; Q[5]~reg0  ; CLOCK    ;
; N/A           ; None        ; -0.700 ns ; LOAD  ; Q[6]~reg0  ; CLOCK    ;
; N/A           ; None        ; -0.700 ns ; LOAD  ; Q[7]~reg0  ; CLOCK    ;
; N/A           ; None        ; -0.700 ns ; LOAD  ; Q[8]~reg0  ; CLOCK    ;
; N/A           ; None        ; -0.700 ns ; LOAD  ; Q[9]~reg0  ; CLOCK    ;
; N/A           ; None        ; -0.700 ns ; LOAD  ; Q[10]~reg0 ; CLOCK    ;
; N/A           ; None        ; -0.700 ns ; LOAD  ; Q[11]~reg0 ; CLOCK    ;
; N/A           ; None        ; -0.700 ns ; LOAD  ; Q[12]~reg0 ; CLOCK    ;
; N/A           ; None        ; -0.700 ns ; LOAD  ; Q[13]~reg0 ; CLOCK    ;
; N/A           ; None        ; -0.700 ns ; LOAD  ; Q[14]~reg0 ; CLOCK    ;
; N/A           ; None        ; -0.700 ns ; LOAD  ; Q[15]~reg0 ; CLOCK    ;
; N/A           ; None        ; -2.400 ns ; D[15] ; Q[15]~reg0 ; CLOCK    ;
; N/A           ; None        ; -2.400 ns ; D[14] ; Q[14]~reg0 ; CLOCK    ;
; N/A           ; None        ; -2.400 ns ; D[13] ; Q[13]~reg0 ; CLOCK    ;
; N/A           ; None        ; -2.400 ns ; D[12] ; Q[12]~reg0 ; CLOCK    ;
; N/A           ; None        ; -2.400 ns ; D[11] ; Q[11]~reg0 ; CLOCK    ;
; N/A           ; None        ; -2.400 ns ; D[10] ; Q[10]~reg0 ; CLOCK    ;
; N/A           ; None        ; -2.400 ns ; D[9]  ; Q[9]~reg0  ; CLOCK    ;
; N/A           ; None        ; -2.400 ns ; D[8]  ; Q[8]~reg0  ; CLOCK    ;
; N/A           ; None        ; -2.400 ns ; D[7]  ; Q[7]~reg0  ; CLOCK    ;
; N/A           ; None        ; -2.400 ns ; D[6]  ; Q[6]~reg0  ; CLOCK    ;
; N/A           ; None        ; -2.400 ns ; D[5]  ; Q[5]~reg0  ; CLOCK    ;
; N/A           ; None        ; -2.400 ns ; D[4]  ; Q[4]~reg0  ; CLOCK    ;
; N/A           ; None        ; -2.400 ns ; D[3]  ; Q[3]~reg0  ; CLOCK    ;
; N/A           ; None        ; -2.400 ns ; D[2]  ; Q[2]~reg0  ; CLOCK    ;
; N/A           ; None        ; -2.400 ns ; D[1]  ; Q[1]~reg0  ; CLOCK    ;
; N/A           ; None        ; -2.400 ns ; D[0]  ; Q[0]~reg0  ; CLOCK    ;
+---------------+-------------+-----------+-------+------------+----------+


+--------------------------+
; Timing Analyzer Messages ;
+--------------------------+
Info: *******************************************************************
Info: Running Quartus II Classic Timing Analyzer
    Info: Version 9.1 Build 350 03/24/2010 Service Pack 2 SJ Web Edition
    Info: Processing started: Mon Dec 05 12:01:54 2022
Info: Command: quartus_tan --read_settings_files=off --write_settings_files=off Register_16Bit_BeachWilliam -c Register_16Bit_BeachWilliam
Info: Started post-fitting delay annotation
Info: Delay annotation completed successfully
Warning: Timing Analysis does not support the analysis of latches as synchronous elements for the currently selected device family
Warning: Found pins functioning as undefined clocks and/or memory enables
    Info: Assuming node "CLOCK" is an undefined clock
Info: No valid register-to-register data paths exist for clock "CLOCK"
Info: tsu for register "Q[15]~reg0" (data pin = "D[15]", clock pin = "CLOCK") is 6.600 ns
    Info: + Longest pin to register delay is 7.100 ns
        Info: 1: + IC(0.000 ns) + CELL(1.400 ns) = 1.400 ns; Loc. = PIN_72; Fanout = 1; PIN Node = 'D[15]'
        Info: 2: + IC(2.600 ns) + CELL(3.100 ns) = 7.100 ns; Loc. = LC25; Fanout = 1; REG Node = 'Q[15]~reg0'
        Info: Total cell delay = 4.500 ns ( 63.38 % )
        Info: Total interconnect delay = 2.600 ns ( 36.62 % )
    Info: + Micro setup delay of destination is 2.900 ns
    Info: - Shortest clock path from clock "CLOCK" to destination register is 3.400 ns
        Info: 1: + IC(0.000 ns) + CELL(2.500 ns) = 2.500 ns; Loc. = PIN_87; Fanout = 16; CLK Node = 'CLOCK'
        Info: 2: + IC(0.000 ns) + CELL(0.900 ns) = 3.400 ns; Loc. = LC25; Fanout = 1; REG Node = 'Q[15]~reg0'
        Info: Total cell delay = 3.400 ns ( 100.00 % )
Info: tco from clock "CLOCK" to destination pin "Q[15]" through register "Q[15]~reg0" is 6.600 ns
    Info: + Longest clock path from clock "CLOCK" to source register is 3.400 ns
        Info: 1: + IC(0.000 ns) + CELL(2.500 ns) = 2.500 ns; Loc. = PIN_87; Fanout = 16; CLK Node = 'CLOCK'
        Info: 2: + IC(0.000 ns) + CELL(0.900 ns) = 3.400 ns; Loc. = LC25; Fanout = 1; REG Node = 'Q[15]~reg0'
        Info: Total cell delay = 3.400 ns ( 100.00 % )
    Info: + Micro clock to output delay of source is 1.600 ns
    Info: + Longest register to pin delay is 1.600 ns
        Info: 1: + IC(0.000 ns) + CELL(0.000 ns) = 0.000 ns; Loc. = LC25; Fanout = 1; REG Node = 'Q[15]~reg0'
        Info: 2: + IC(0.000 ns) + CELL(1.600 ns) = 1.600 ns; Loc. = PIN_8; Fanout = 0; PIN Node = 'Q[15]'
        Info: Total cell delay = 1.600 ns ( 100.00 % )
Info: th for register "Q[0]~reg0" (data pin = "LOAD", clock pin = "CLOCK") is -0.700 ns
    Info: + Longest clock path from clock "CLOCK" to destination register is 3.400 ns
        Info: 1: + IC(0.000 ns) + CELL(2.500 ns) = 2.500 ns; Loc. = PIN_87; Fanout = 16; CLK Node = 'CLOCK'
        Info: 2: + IC(0.000 ns) + CELL(0.900 ns) = 3.400 ns; Loc. = LC1; Fanout = 1; REG Node = 'Q[0]~reg0'
        Info: Total cell delay = 3.400 ns ( 100.00 % )
    Info: + Micro hold delay of destination is 1.300 ns
    Info: - Shortest pin to register delay is 5.400 ns
        Info: 1: + IC(0.000 ns) + CELL(1.400 ns) = 1.400 ns; Loc. = PIN_50; Fanout = 16; PIN Node = 'LOAD'
        Info: 2: + IC(2.700 ns) + CELL(1.300 ns) = 5.400 ns; Loc. = LC1; Fanout = 1; REG Node = 'Q[0]~reg0'
        Info: Total cell delay = 2.700 ns ( 50.00 % )
        Info: Total interconnect delay = 2.700 ns ( 50.00 % )
Info: Quartus II Classic Timing Analyzer was successful. 0 errors, 2 warnings
    Info: Peak virtual memory: 340 megabytes
    Info: Processing ended: Mon Dec 05 12:01:54 2022
    Info: Elapsed time: 00:00:00
    Info: Total CPU time (on all processors): 00:00:00


